----------------------------------------------------------------------------------------------------------------
      name:  <unnamed>
       log:  C:\Users\B18945\Downloads\xtevent-177-allow-replacing-when-saving-event-time-dummies\issue177\issue
> 177.txt
  log type:  text
 opened on:  13 May 2024, 16:52:21

. 
. *load dataset from 
. *https://github.com/JMSLab/xtevent/blob/main/test/example31.dta
. 
. ***** OLS
. use example31, clear 

. xtevent y eta, panelvar(i) timevar(t) pol(z) impute(stag) window(max) savek(aa)

No proxy or instruments provided. Implementing OLS estimator
The calculated window by window(max) is (-18,16), plus the endpoints -19 and 17.

Linear regression, absorbing indicators             Number of obs     = 20,000
Absorbed variable: i                                No. of categories =  1,000
                                                    F(56, 18944)      = 702.23
                                                    Prob > F          = 0.0000
                                                    R-squared         = 0.8023
                                                    Adj R-squared     = 0.7913
                                                    Root MSE          = 1.0022

------------------------------------------------------------------------------
           y | Coefficient  Std. err.      t    P>|t|     [95% conf. interval]
-------------+----------------------------------------------------------------
   _k_eq_m19 |   .6423926   .2608484     2.46   0.014     .1311064    1.153679
   _k_eq_m18 |  -.1775268   .2104908    -0.84   0.399    -.5901075    .2350538
   _k_eq_m17 |   .1263326   .1698441     0.74   0.457     -.206577    .4592422
   _k_eq_m16 |   .0380571   .1450188     0.26   0.793    -.2461928    .3223069
   _k_eq_m15 |    .005294   .1337594     0.04   0.968    -.2568864    .2674743
   _k_eq_m14 |  -.1028837   .1236077    -0.83   0.405    -.3451658    .1393984
   _k_eq_m13 |  -.1811439   .1143673    -1.58   0.113     -.405314    .0430262
   _k_eq_m12 |   .1848555   .1070519     1.73   0.084    -.0249757    .3946868
   _k_eq_m11 |   .0700347   .1022051     0.69   0.493    -.1302964    .2703658
   _k_eq_m10 |   .1192835   .0973245     1.23   0.220    -.0714811    .3100481
    _k_eq_m9 |  -.1123919   .0934684    -1.20   0.229    -.2955984    .0708146
    _k_eq_m8 |  -.0008947   .0905761    -0.01   0.992    -.1784318    .1766425
    _k_eq_m7 |   .0825609   .0871064     0.95   0.343    -.0881755    .2532973
    _k_eq_m6 |   .1123127   .0850227     1.32   0.187    -.0543394    .2789648
    _k_eq_m5 |   .1134179    .082994     1.37   0.172    -.0492577    .2760935
    _k_eq_m4 |   .1225368   .0815805     1.50   0.133    -.0373683    .2824418
    _k_eq_m3 |   .1437796   .0806316     1.78   0.075    -.0142655    .3018246
    _k_eq_m2 |   .0626728   .0801585     0.78   0.434     -.094445    .2197905
    _k_eq_p0 |   1.030078   .0803795    12.82   0.000      .872527    1.187629
    _k_eq_p1 |   .9553605    .081658    11.70   0.000     .7953035    1.115418
    _k_eq_p2 |   1.046724   .0825916    12.67   0.000     .8848376    1.208611
    _k_eq_p3 |   1.036179    .084252    12.30   0.000     .8710377     1.20132
    _k_eq_p4 |    1.00154   .0863377    11.60   0.000     .8323109     1.17077
    _k_eq_p5 |   1.153019   .0880671    13.09   0.000     .9803992    1.325638
    _k_eq_p6 |   1.000366   .0902809    11.08   0.000     .8234072    1.177324
    _k_eq_p7 |   1.030018   .0935097    11.02   0.000     .8467308    1.213306
    _k_eq_p8 |     .97777   .0975634    10.02   0.000     .7865371    1.169003
    _k_eq_p9 |   1.035819   .1016011    10.19   0.000     .8366717    1.234966
   _k_eq_p10 |   1.111073   .1076606    10.32   0.000     .9000485    1.322097
   _k_eq_p11 |   .9799806      .1153     8.50   0.000     .7539823    1.205979
   _k_eq_p12 |    1.16532   .1240796     9.39   0.000     .9221132    1.408527
   _k_eq_p13 |   .8056877    .143361     5.62   0.000     .5246875    1.086688
   _k_eq_p14 |   1.129944   .1649623     6.85   0.000     .8066028    1.453284
   _k_eq_p15 |   .7956263   .2124408     3.75   0.000     .3792235    1.212029
   _k_eq_p16 |   .7021863   .3051937     2.30   0.021     .1039793    1.300393
   _k_eq_p17 |   1.457152   .5985379     2.43   0.015     .2839648     2.63034
         eta |   .2519384   .0047391    53.16   0.000     .2426494    .2612275
             |
           t |
          2  |   .1434719   .0450851     3.18   0.001     .0551011    .2318427
          3  |   .3312757   .0451509     7.34   0.000     .2427759    .4197754
          4  |   .5528668   .0452825    12.21   0.000      .464109    .6416247
          5  |   .7741836   .0454452    17.04   0.000     .6851069    .8632602
          6  |   .9513304   .0455863    20.87   0.000     .8619772    1.040684
          7  |   1.116552   .0457312    24.42   0.000     1.026915    1.206189
          8  |   1.394627   .0458923    30.39   0.000     1.304674     1.48458
          9  |   1.574857   .0460787    34.18   0.000     1.484539    1.665176
         10  |   1.803088   .0462321    39.00   0.000     1.712469    1.893707
         11  |   1.950842    .046446    42.00   0.000     1.859804    2.041881
         12  |   2.123341   .0466535    45.51   0.000     2.031896    2.214786
         13  |   2.361859    .046878    50.38   0.000     2.269974    2.453744
         14  |   2.511809   .0470803    53.35   0.000     2.419527    2.604091
         15  |   2.747289   .0472441    58.15   0.000     2.654686    2.839891
         16  |   2.968836   .0475149    62.48   0.000     2.875702     3.06197
         17  |   3.174446   .0477045    66.54   0.000     3.080941    3.267952
         18  |   3.336821   .0479173    69.64   0.000     3.242898    3.430743
         19  |   3.544168   .0481713    73.57   0.000     3.449748    3.638588
         20  |   3.743031   .0486024    77.01   0.000     3.647766    3.838296
             |
       _cons |  -.1941443   .1921508    -1.01   0.312     -.570777    .1824883
------------------------------------------------------------------------------
F test of absorbed indicators: F(999, 18944) = 21.600         Prob > F = 0.000

. *expect an error 
. cap noi xtevent y eta, panelvar(i) timevar(t) pol(z) impute(stag) window(max) savek(aa)

No proxy or instruments provided. Implementing OLS estimator

You specified to save the event-time dummy variables using the prefix aa, but you already have event-time dummy 
> variables saved with that prefix.

Use the replace suboption to replace the existing variables.

. *add replace suboption 
. xtevent y eta, panelvar(i) timevar(t) pol(z) impute(stag) window(max) savek(aa, replace)

No proxy or instruments provided. Implementing OLS estimator
The calculated window by window(max) is (-18,16), plus the endpoints -19 and 17.

Linear regression, absorbing indicators             Number of obs     = 20,000
Absorbed variable: i                                No. of categories =  1,000
                                                    F(56, 18944)      = 702.23
                                                    Prob > F          = 0.0000
                                                    R-squared         = 0.8023
                                                    Adj R-squared     = 0.7913
                                                    Root MSE          = 1.0022

------------------------------------------------------------------------------
           y | Coefficient  Std. err.      t    P>|t|     [95% conf. interval]
-------------+----------------------------------------------------------------
   _k_eq_m19 |   .6423926   .2608484     2.46   0.014     .1311064    1.153679
   _k_eq_m18 |  -.1775268   .2104908    -0.84   0.399    -.5901075    .2350538
   _k_eq_m17 |   .1263326   .1698441     0.74   0.457     -.206577    .4592422
   _k_eq_m16 |   .0380571   .1450188     0.26   0.793    -.2461928    .3223069
   _k_eq_m15 |    .005294   .1337594     0.04   0.968    -.2568864    .2674743
   _k_eq_m14 |  -.1028837   .1236077    -0.83   0.405    -.3451658    .1393984
   _k_eq_m13 |  -.1811439   .1143673    -1.58   0.113     -.405314    .0430262
   _k_eq_m12 |   .1848555   .1070519     1.73   0.084    -.0249757    .3946868
   _k_eq_m11 |   .0700347   .1022051     0.69   0.493    -.1302964    .2703658
   _k_eq_m10 |   .1192835   .0973245     1.23   0.220    -.0714811    .3100481
    _k_eq_m9 |  -.1123919   .0934684    -1.20   0.229    -.2955984    .0708146
    _k_eq_m8 |  -.0008947   .0905761    -0.01   0.992    -.1784318    .1766425
    _k_eq_m7 |   .0825609   .0871064     0.95   0.343    -.0881755    .2532973
    _k_eq_m6 |   .1123127   .0850227     1.32   0.187    -.0543394    .2789648
    _k_eq_m5 |   .1134179    .082994     1.37   0.172    -.0492577    .2760935
    _k_eq_m4 |   .1225368   .0815805     1.50   0.133    -.0373683    .2824418
    _k_eq_m3 |   .1437796   .0806316     1.78   0.075    -.0142655    .3018246
    _k_eq_m2 |   .0626728   .0801585     0.78   0.434     -.094445    .2197905
    _k_eq_p0 |   1.030078   .0803795    12.82   0.000      .872527    1.187629
    _k_eq_p1 |   .9553605    .081658    11.70   0.000     .7953035    1.115418
    _k_eq_p2 |   1.046724   .0825916    12.67   0.000     .8848376    1.208611
    _k_eq_p3 |   1.036179    .084252    12.30   0.000     .8710377     1.20132
    _k_eq_p4 |    1.00154   .0863377    11.60   0.000     .8323109     1.17077
    _k_eq_p5 |   1.153019   .0880671    13.09   0.000     .9803992    1.325638
    _k_eq_p6 |   1.000366   .0902809    11.08   0.000     .8234072    1.177324
    _k_eq_p7 |   1.030018   .0935097    11.02   0.000     .8467308    1.213306
    _k_eq_p8 |     .97777   .0975634    10.02   0.000     .7865371    1.169003
    _k_eq_p9 |   1.035819   .1016011    10.19   0.000     .8366717    1.234966
   _k_eq_p10 |   1.111073   .1076606    10.32   0.000     .9000485    1.322097
   _k_eq_p11 |   .9799806      .1153     8.50   0.000     .7539823    1.205979
   _k_eq_p12 |    1.16532   .1240796     9.39   0.000     .9221132    1.408527
   _k_eq_p13 |   .8056877    .143361     5.62   0.000     .5246875    1.086688
   _k_eq_p14 |   1.129944   .1649623     6.85   0.000     .8066028    1.453284
   _k_eq_p15 |   .7956263   .2124408     3.75   0.000     .3792235    1.212029
   _k_eq_p16 |   .7021863   .3051937     2.30   0.021     .1039793    1.300393
   _k_eq_p17 |   1.457152   .5985379     2.43   0.015     .2839648     2.63034
         eta |   .2519384   .0047391    53.16   0.000     .2426494    .2612275
             |
           t |
          2  |   .1434719   .0450851     3.18   0.001     .0551011    .2318427
          3  |   .3312757   .0451509     7.34   0.000     .2427759    .4197754
          4  |   .5528668   .0452825    12.21   0.000      .464109    .6416247
          5  |   .7741836   .0454452    17.04   0.000     .6851069    .8632602
          6  |   .9513304   .0455863    20.87   0.000     .8619772    1.040684
          7  |   1.116552   .0457312    24.42   0.000     1.026915    1.206189
          8  |   1.394627   .0458923    30.39   0.000     1.304674     1.48458
          9  |   1.574857   .0460787    34.18   0.000     1.484539    1.665176
         10  |   1.803088   .0462321    39.00   0.000     1.712469    1.893707
         11  |   1.950842    .046446    42.00   0.000     1.859804    2.041881
         12  |   2.123341   .0466535    45.51   0.000     2.031896    2.214786
         13  |   2.361859    .046878    50.38   0.000     2.269974    2.453744
         14  |   2.511809   .0470803    53.35   0.000     2.419527    2.604091
         15  |   2.747289   .0472441    58.15   0.000     2.654686    2.839891
         16  |   2.968836   .0475149    62.48   0.000     2.875702     3.06197
         17  |   3.174446   .0477045    66.54   0.000     3.080941    3.267952
         18  |   3.336821   .0479173    69.64   0.000     3.242898    3.430743
         19  |   3.544168   .0481713    73.57   0.000     3.449748    3.638588
         20  |   3.743031   .0486024    77.01   0.000     3.647766    3.838296
             |
       _cons |  -.1941443   .1921508    -1.01   0.312     -.570777    .1824883
------------------------------------------------------------------------------
F test of absorbed indicators: F(999, 18944) = 21.600         Prob > F = 0.000

. * savek with a different prefix (it doesn't drop the "aa" variables)
. xtevent y eta, panelvar(i) timevar(t) pol(z) impute(stag) window(max) savek(aaa)

No proxy or instruments provided. Implementing OLS estimator
The calculated window by window(max) is (-18,16), plus the endpoints -19 and 17.

Linear regression, absorbing indicators             Number of obs     = 20,000
Absorbed variable: i                                No. of categories =  1,000
                                                    F(56, 18944)      = 702.23
                                                    Prob > F          = 0.0000
                                                    R-squared         = 0.8023
                                                    Adj R-squared     = 0.7913
                                                    Root MSE          = 1.0022

------------------------------------------------------------------------------
           y | Coefficient  Std. err.      t    P>|t|     [95% conf. interval]
-------------+----------------------------------------------------------------
   _k_eq_m19 |   .6423926   .2608484     2.46   0.014     .1311064    1.153679
   _k_eq_m18 |  -.1775268   .2104908    -0.84   0.399    -.5901075    .2350538
   _k_eq_m17 |   .1263326   .1698441     0.74   0.457     -.206577    .4592422
   _k_eq_m16 |   .0380571   .1450188     0.26   0.793    -.2461928    .3223069
   _k_eq_m15 |    .005294   .1337594     0.04   0.968    -.2568864    .2674743
   _k_eq_m14 |  -.1028837   .1236077    -0.83   0.405    -.3451658    .1393984
   _k_eq_m13 |  -.1811439   .1143673    -1.58   0.113     -.405314    .0430262
   _k_eq_m12 |   .1848555   .1070519     1.73   0.084    -.0249757    .3946868
   _k_eq_m11 |   .0700347   .1022051     0.69   0.493    -.1302964    .2703658
   _k_eq_m10 |   .1192835   .0973245     1.23   0.220    -.0714811    .3100481
    _k_eq_m9 |  -.1123919   .0934684    -1.20   0.229    -.2955984    .0708146
    _k_eq_m8 |  -.0008947   .0905761    -0.01   0.992    -.1784318    .1766425
    _k_eq_m7 |   .0825609   .0871064     0.95   0.343    -.0881755    .2532973
    _k_eq_m6 |   .1123127   .0850227     1.32   0.187    -.0543394    .2789648
    _k_eq_m5 |   .1134179    .082994     1.37   0.172    -.0492577    .2760935
    _k_eq_m4 |   .1225368   .0815805     1.50   0.133    -.0373683    .2824418
    _k_eq_m3 |   .1437796   .0806316     1.78   0.075    -.0142655    .3018246
    _k_eq_m2 |   .0626728   .0801585     0.78   0.434     -.094445    .2197905
    _k_eq_p0 |   1.030078   .0803795    12.82   0.000      .872527    1.187629
    _k_eq_p1 |   .9553605    .081658    11.70   0.000     .7953035    1.115418
    _k_eq_p2 |   1.046724   .0825916    12.67   0.000     .8848376    1.208611
    _k_eq_p3 |   1.036179    .084252    12.30   0.000     .8710377     1.20132
    _k_eq_p4 |    1.00154   .0863377    11.60   0.000     .8323109     1.17077
    _k_eq_p5 |   1.153019   .0880671    13.09   0.000     .9803992    1.325638
    _k_eq_p6 |   1.000366   .0902809    11.08   0.000     .8234072    1.177324
    _k_eq_p7 |   1.030018   .0935097    11.02   0.000     .8467308    1.213306
    _k_eq_p8 |     .97777   .0975634    10.02   0.000     .7865371    1.169003
    _k_eq_p9 |   1.035819   .1016011    10.19   0.000     .8366717    1.234966
   _k_eq_p10 |   1.111073   .1076606    10.32   0.000     .9000485    1.322097
   _k_eq_p11 |   .9799806      .1153     8.50   0.000     .7539823    1.205979
   _k_eq_p12 |    1.16532   .1240796     9.39   0.000     .9221132    1.408527
   _k_eq_p13 |   .8056877    .143361     5.62   0.000     .5246875    1.086688
   _k_eq_p14 |   1.129944   .1649623     6.85   0.000     .8066028    1.453284
   _k_eq_p15 |   .7956263   .2124408     3.75   0.000     .3792235    1.212029
   _k_eq_p16 |   .7021863   .3051937     2.30   0.021     .1039793    1.300393
   _k_eq_p17 |   1.457152   .5985379     2.43   0.015     .2839648     2.63034
         eta |   .2519384   .0047391    53.16   0.000     .2426494    .2612275
             |
           t |
          2  |   .1434719   .0450851     3.18   0.001     .0551011    .2318427
          3  |   .3312757   .0451509     7.34   0.000     .2427759    .4197754
          4  |   .5528668   .0452825    12.21   0.000      .464109    .6416247
          5  |   .7741836   .0454452    17.04   0.000     .6851069    .8632602
          6  |   .9513304   .0455863    20.87   0.000     .8619772    1.040684
          7  |   1.116552   .0457312    24.42   0.000     1.026915    1.206189
          8  |   1.394627   .0458923    30.39   0.000     1.304674     1.48458
          9  |   1.574857   .0460787    34.18   0.000     1.484539    1.665176
         10  |   1.803088   .0462321    39.00   0.000     1.712469    1.893707
         11  |   1.950842    .046446    42.00   0.000     1.859804    2.041881
         12  |   2.123341   .0466535    45.51   0.000     2.031896    2.214786
         13  |   2.361859    .046878    50.38   0.000     2.269974    2.453744
         14  |   2.511809   .0470803    53.35   0.000     2.419527    2.604091
         15  |   2.747289   .0472441    58.15   0.000     2.654686    2.839891
         16  |   2.968836   .0475149    62.48   0.000     2.875702     3.06197
         17  |   3.174446   .0477045    66.54   0.000     3.080941    3.267952
         18  |   3.336821   .0479173    69.64   0.000     3.242898    3.430743
         19  |   3.544168   .0481713    73.57   0.000     3.449748    3.638588
         20  |   3.743031   .0486024    77.01   0.000     3.647766    3.838296
             |
       _cons |  -.1941443   .1921508    -1.01   0.312     -.570777    .1824883
------------------------------------------------------------------------------
F test of absorbed indicators: F(999, 18944) = 21.600         Prob > F = 0.000

. *add replace suboption: it replaces only the "aa" variables
. xtevent y eta, panelvar(i) timevar(t) pol(z) impute(stag) window(6) savek(aa, replace)

No proxy or instruments provided. Implementing OLS estimator

Linear regression, absorbing indicators            Number of obs     =  20,000
Absorbed variable: i                               No. of categories =   1,000
                                                   F(34, 18966)      = 1154.86
                                                   Prob > F          =  0.0000
                                                   R-squared         =  0.8019
                                                   Adj R-squared     =  0.7911
                                                   Root MSE          =  1.0025

------------------------------------------------------------------------------
           y | Coefficient  Std. err.      t    P>|t|     [95% conf. interval]
-------------+----------------------------------------------------------------
    _k_eq_m7 |   .0242038   .0673602     0.36   0.719    -.1078282    .1562359
    _k_eq_m6 |   .1114179   .0849693     1.31   0.190    -.0551295    .2779653
    _k_eq_m5 |   .1119914   .0829679     1.35   0.177     -.050633    .2746158
    _k_eq_m4 |    .121838   .0815766     1.49   0.135    -.0380594    .2817355
    _k_eq_m3 |   .1437257   .0806441     1.78   0.075    -.0143439    .3017952
    _k_eq_m2 |   .0626267   .0801809     0.78   0.435    -.0945349    .2197883
    _k_eq_p0 |    1.02974   .0803992    12.81   0.000     .8721509     1.18733
    _k_eq_p1 |   .9561419   .0816565    11.71   0.000      .796088    1.116196
    _k_eq_p2 |   1.047016   .0825698    12.68   0.000      .885172     1.20886
    _k_eq_p3 |   1.036426   .0841994    12.31   0.000     .8713876    1.201464
    _k_eq_p4 |   1.001223   .0862526    11.61   0.000     .8321602    1.170286
    _k_eq_p5 |   1.152379   .0879578    13.10   0.000     .9799733    1.324784
    _k_eq_p6 |    .999326   .0901529    11.08   0.000     .8226183    1.176034
    _k_eq_p7 |   1.022306    .069953    14.61   0.000     .8851922     1.15942
         eta |   .2520283   .0047147    53.46   0.000     .2427869    .2612696
             |
           t |
          2  |   .1306382   .0448515     2.91   0.004     .0427252    .2185511
          3  |   .3227489   .0448768     7.19   0.000     .2347863    .4107115
          4  |   .5407409   .0449351    12.03   0.000      .452664    .6288177
          5  |   .7635769   .0450111    16.96   0.000     .6753512    .8518026
          6  |   .9419278   .0451044    20.88   0.000     .8535192    1.030336
          7  |   1.107562   .0452177    24.49   0.000     1.018932    1.196193
          8  |   1.388674    .045348    30.62   0.000     1.299788     1.47756
          9  |   1.565904   .0454922    34.42   0.000     1.476735    1.655073
         10  |   1.795429   .0456306    39.35   0.000     1.705989    1.884869
         11  |   1.940531   .0458485    42.32   0.000     1.850664    2.030399
         12  |    2.11459   .0460643    45.91   0.000       2.0243     2.20488
         13  |   2.354116   .0462931    50.85   0.000     2.263377    2.444854
         14  |   2.503258   .0465331    53.80   0.000     2.412049    2.594467
         15  |    2.73958   .0466813    58.69   0.000      2.64808    2.831079
         16  |   2.961104   .0469188    63.11   0.000     2.869138    3.053069
         17  |   3.166568   .0470776    67.26   0.000     3.074292    3.258844
         18  |   3.329397   .0472417    70.48   0.000     3.236799    3.421995
         19  |   3.532115   .0473916    74.53   0.000     3.439223    3.625007
         20  |   3.732614   .0476198    78.38   0.000     3.639275    3.825952
             |
       _cons |   .2386605    .073597     3.24   0.001     .0944037    .3829172
------------------------------------------------------------------------------
F test of absorbed indicators: F(999, 18966) = 21.592         Prob > F = 0.000

. 
. *combine noestimate + replace 
. use example31, clear 

. xtevent y eta, panelvar(i) timevar(t) pol(z) impute(stag) window(6) savek(aa, noestimate)

No proxy or instruments provided. Implementing OLS estimator

. *expect an error 
. cap noi xtevent y eta, panelvar(i) timevar(t) pol(z) impute(stag) window(6) savek(aa, noestimate)

No proxy or instruments provided. Implementing OLS estimator

You specified to save the event-time dummy variables using the prefix aa, but you already have event-time dummy 
> variables saved with that prefix.

Use the replace suboption to replace the existing variables.

. *add replace suboption
. xtevent y eta, panelvar(i) timevar(t) pol(z) impute(stag) window(6) savek(aa, noestimate replace)

No proxy or instruments provided. Implementing OLS estimator

. 
. ***** IV
. use example31, clear 

. xtevent y eta, panelvar(i) timevar(t) pol(z) impute(stag) window(6) proxy(x) savek(aa)

Proxy for the confound specified. Implementing FHS estimator

proxyiv=select. Selecting lead order of differenced policy variable to use as instrument.

Lead 1 selected.

The corresponding coefficient of lead 1 and the normalized coefficient were the same. Lead 1 has been changed to
>  2.

The coefficient at -1 is normalized to zero.

For estimation with proxy variables, an additional coefficient needs to be normalized to zero.

The coefficient at -2 was selected to be normalized to zero.

Fixed-effects (within) IV regression            Number of obs     =     19,000
Group variable: i                               Number of groups  =      1,000

R-squared:                                      Obs per group:
     Within  = 0.5165                                         min =         19
     Between = 0.4039                                         avg =       19.0
     Overall = 0.4818                                         max =         19

                                                Wald chi2(33)     =   87195.43
corr(u_i, Xb) = 0.0017                          Prob > chi2       =     0.0000

------------------------------------------------------------------------------
           y | Coefficient  Std. err.      z    P>|z|     [95% conf. interval]
-------------+----------------------------------------------------------------
           x |  -.3143092   .4662904    -0.67   0.500    -1.228222    .5996032
         eta |   .5676204   .4656737     1.22   0.223    -.3450832    1.480324
    _k_eq_m7 |  -.0473502    .086888    -0.54   0.586    -.2176475    .1229471
    _k_eq_m6 |   .1027663    .094114     1.09   0.275    -.0816938    .2872264
    _k_eq_m5 |   .0519603   .0969195     0.54   0.592    -.1379983     .241919
    _k_eq_m4 |   .1135507   .0895769     1.27   0.205    -.0620169    .2891183
    _k_eq_m3 |   .0238025   .1565163     0.15   0.879    -.2829639    .3305689
    _k_eq_p0 |   .9668548   .0972926     9.94   0.000     .7761647    1.157545
    _k_eq_p1 |   .9601402   .0961172     9.99   0.000      .771754    1.148526
    _k_eq_p2 |     1.0371   .0942179    11.01   0.000     .8524364    1.221764
    _k_eq_p3 |   1.010553   .0990714    10.20   0.000     .8163766    1.204729
    _k_eq_p4 |     1.0457   .1315895     7.95   0.000     .7877889     1.30361
    _k_eq_p5 |   1.140531   .0981136    11.62   0.000     .9482316     1.33283
    _k_eq_p6 |   .9995636   .1014684     9.85   0.000     .8006893    1.198438
    _k_eq_p7 |   1.025605   .0760187    13.49   0.000     .8766111    1.174599
             |
           t |
          2  |   .1351912   .0535188     2.53   0.012     .0302963     .240086
          3  |    .301399   .0618579     4.87   0.000     .1801598    .4226383
          4  |   .5500638   .0549383    10.01   0.000     .4423867    .6577409
          5  |   .7123942   .0925324     7.70   0.000     .5310341    .8937544
          6  |   .9376861   .0538308    17.42   0.000     .8321797    1.043192
          7  |   1.093432   .0573193    19.08   0.000     .9810879    1.205775
          8  |   1.377027   .0564312    24.40   0.000     1.266424     1.48763
          9  |   1.561959   .0542031    28.82   0.000     1.455723    1.668195
         10  |   1.745562   .0907946    19.23   0.000     1.567608    1.923516
         11  |   1.907401   .0727786    26.21   0.000     1.764758    2.050045
         12  |   2.066865   .0877774    23.55   0.000     1.894825    2.238906
         13  |   2.354206   .0550379    42.77   0.000     2.246334    2.462079
         14  |   2.464357   .0775695    31.77   0.000     2.312324    2.616391
         15  |   2.700112   .0780265    34.61   0.000     2.547182    2.853041
         16  |   2.882772   .1249903    23.06   0.000     2.637796    3.127748
         17  |   3.128114   .0761906    41.06   0.000     2.978783    3.277445
         18  |   3.292259   .0749521    43.92   0.000     3.145356    3.439163
         19  |    3.56004   .0747041    47.66   0.000     3.413622    3.706457
             |
       _cons |   .3291279    .113434     2.90   0.004     .1068013    .5514545
-------------+----------------------------------------------------------------
     sigma_u |  1.0497909
     sigma_e |  1.1869021
         rho |  .43892861   (fraction of variance due to u_i)
------------------------------------------------------------------------------
 F test that all u_i=0: F(999,17967) =    14.63           Prob > F    = 0.0000
------------------------------------------------------------------------------
Endogenous: x
Exogenous:  eta _k_eq_m7 _k_eq_m6 _k_eq_m5 _k_eq_m4 _k_eq_m3 _k_eq_p0 _k_eq_p1
            _k_eq_p2 _k_eq_p3 _k_eq_p4 _k_eq_p5 _k_eq_p6 _k_eq_p7 2.t 3.t 4.t
            5.t 6.t 7.t 8.t 9.t 10.t 11.t 12.t 13.t 14.t 15.t 16.t 17.t 18.t
            19.t _fd1__00000N

. *expect an error 
. cap noi xtevent y eta, panelvar(i) timevar(t) pol(z) impute(stag) window(6) proxy(x) savek(aa)

Proxy for the confound specified. Implementing FHS estimator

You specified to save the event-time dummy variables using the prefix aa, but you already have event-time dummy 
> variables saved with that prefix.

Use the replace suboption to replace the existing variables.

. *add replace suboption 
. xtevent y eta, panelvar(i) timevar(t) pol(z) impute(stag) window(6) proxy(x) savek(aa, replace)

Proxy for the confound specified. Implementing FHS estimator

proxyiv=select. Selecting lead order of differenced policy variable to use as instrument.

Lead 1 selected.

The corresponding coefficient of lead 1 and the normalized coefficient were the same. Lead 1 has been changed to
>  2.

The coefficient at -1 is normalized to zero.

For estimation with proxy variables, an additional coefficient needs to be normalized to zero.

The coefficient at -2 was selected to be normalized to zero.

Fixed-effects (within) IV regression            Number of obs     =     19,000
Group variable: i                               Number of groups  =      1,000

R-squared:                                      Obs per group:
     Within  = 0.5165                                         min =         19
     Between = 0.4039                                         avg =       19.0
     Overall = 0.4818                                         max =         19

                                                Wald chi2(33)     =   87195.43
corr(u_i, Xb) = 0.0017                          Prob > chi2       =     0.0000

------------------------------------------------------------------------------
           y | Coefficient  Std. err.      z    P>|z|     [95% conf. interval]
-------------+----------------------------------------------------------------
           x |  -.3143092   .4662904    -0.67   0.500    -1.228222    .5996032
         eta |   .5676204   .4656737     1.22   0.223    -.3450832    1.480324
    _k_eq_m7 |  -.0473502    .086888    -0.54   0.586    -.2176475    .1229471
    _k_eq_m6 |   .1027663    .094114     1.09   0.275    -.0816938    .2872264
    _k_eq_m5 |   .0519603   .0969195     0.54   0.592    -.1379983     .241919
    _k_eq_m4 |   .1135507   .0895769     1.27   0.205    -.0620169    .2891183
    _k_eq_m3 |   .0238025   .1565163     0.15   0.879    -.2829639    .3305689
    _k_eq_p0 |   .9668548   .0972926     9.94   0.000     .7761647    1.157545
    _k_eq_p1 |   .9601402   .0961172     9.99   0.000      .771754    1.148526
    _k_eq_p2 |     1.0371   .0942179    11.01   0.000     .8524364    1.221764
    _k_eq_p3 |   1.010553   .0990714    10.20   0.000     .8163766    1.204729
    _k_eq_p4 |     1.0457   .1315895     7.95   0.000     .7877889     1.30361
    _k_eq_p5 |   1.140531   .0981136    11.62   0.000     .9482316     1.33283
    _k_eq_p6 |   .9995636   .1014684     9.85   0.000     .8006893    1.198438
    _k_eq_p7 |   1.025605   .0760187    13.49   0.000     .8766111    1.174599
             |
           t |
          2  |   .1351912   .0535188     2.53   0.012     .0302963     .240086
          3  |    .301399   .0618579     4.87   0.000     .1801598    .4226383
          4  |   .5500638   .0549383    10.01   0.000     .4423867    .6577409
          5  |   .7123942   .0925324     7.70   0.000     .5310341    .8937544
          6  |   .9376861   .0538308    17.42   0.000     .8321797    1.043192
          7  |   1.093432   .0573193    19.08   0.000     .9810879    1.205775
          8  |   1.377027   .0564312    24.40   0.000     1.266424     1.48763
          9  |   1.561959   .0542031    28.82   0.000     1.455723    1.668195
         10  |   1.745562   .0907946    19.23   0.000     1.567608    1.923516
         11  |   1.907401   .0727786    26.21   0.000     1.764758    2.050045
         12  |   2.066865   .0877774    23.55   0.000     1.894825    2.238906
         13  |   2.354206   .0550379    42.77   0.000     2.246334    2.462079
         14  |   2.464357   .0775695    31.77   0.000     2.312324    2.616391
         15  |   2.700112   .0780265    34.61   0.000     2.547182    2.853041
         16  |   2.882772   .1249903    23.06   0.000     2.637796    3.127748
         17  |   3.128114   .0761906    41.06   0.000     2.978783    3.277445
         18  |   3.292259   .0749521    43.92   0.000     3.145356    3.439163
         19  |    3.56004   .0747041    47.66   0.000     3.413622    3.706457
             |
       _cons |   .3291279    .113434     2.90   0.004     .1068013    .5514545
-------------+----------------------------------------------------------------
     sigma_u |  1.0497909
     sigma_e |  1.1869021
         rho |  .43892861   (fraction of variance due to u_i)
------------------------------------------------------------------------------
 F test that all u_i=0: F(999,17967) =    14.63           Prob > F    = 0.0000
------------------------------------------------------------------------------
Endogenous: x
Exogenous:  eta _k_eq_m7 _k_eq_m6 _k_eq_m5 _k_eq_m4 _k_eq_m3 _k_eq_p0 _k_eq_p1
            _k_eq_p2 _k_eq_p3 _k_eq_p4 _k_eq_p5 _k_eq_p6 _k_eq_p7 2.t 3.t 4.t
            5.t 6.t 7.t 8.t 9.t 10.t 11.t 12.t 13.t 14.t 15.t 16.t 17.t 18.t
            19.t _fd1__00000N

. 
. ***** trend
. use example31, clear 

. xtevent y eta, panelvar(i) timevar(t) pol(z) impute(stag) window(max) trend(-2, method(ols)) savek(aa)

No proxy or instruments provided. Implementing OLS estimator
The calculated window by window(max) is (-18,16), plus the endpoints -19 and 17.

Linear regression, absorbing indicators             Number of obs     = 20,000
Absorbed variable: i                                No. of categories =  1,000
                                                    F(56, 18944)      = 702.23
                                                    Prob > F          = 0.0000
                                                    R-squared         = 0.8023
                                                    Adj R-squared     = 0.7913
                                                    Root MSE          = 1.0022

------------------------------------------------------------------------------
           y | Coefficient  Std. err.      t    P>|t|     [95% conf. interval]
-------------+----------------------------------------------------------------
   _k_eq_m19 |   .7050653   .2848644     2.48   0.013     .1467057    1.263425
   _k_eq_m18 |  -1.242964   1.337007    -0.93   0.353    -3.863617    1.377689
   _k_eq_m17 |  -.8764318   1.251679    -0.70   0.484    -3.329835    1.576971
   _k_eq_m16 |  -.9020345      1.169    -0.77   0.440    -3.193379     1.38931
   _k_eq_m15 |  -.8721249   1.088083    -0.80   0.423    -3.004865    1.260616
   _k_eq_m14 |  -.9176298    1.00723    -0.91   0.362    -2.891891    1.056631
   _k_eq_m13 |  -.9332172   .9266799    -1.01   0.314    -2.749592    .8831581
   _k_eq_m12 |  -.5045449   .8461523    -0.60   0.551    -2.163079    1.153989
   _k_eq_m11 |  -.5566931   .7659914    -0.73   0.467    -2.058105    .9447185
   _k_eq_m10 |  -.4447714   .6859334    -0.65   0.517    -1.789262    .8997192
    _k_eq_m9 |  -.6137741   .6059818    -1.01   0.311    -1.801552    .5740042
    _k_eq_m8 |  -.4396041   .5263179    -0.84   0.404    -1.471234    .5920259
    _k_eq_m7 |  -.2934757   .4467008    -0.66   0.511    -1.169049    .5820978
    _k_eq_m6 |  -.2010512   .3676311    -0.55   0.584    -.9216409    .5195386
    _k_eq_m5 |  -.1372732   .2891153    -0.47   0.635    -.7039649    .4294186
    _k_eq_m4 |  -.0654816   .2120707    -0.31   0.757    -.4811591     .350196
    _k_eq_m3 |    .018434   .1387384     0.13   0.894    -.2535055    .2903736
    _k_eq_p0 |   1.092751   .1386497     7.88   0.000     .8209851    1.364517
    _k_eq_p1 |   1.080706   .2121832     5.09   0.000      .664808    1.496604
    _k_eq_p2 |   1.234743   .2891132     4.27   0.000      .668055     1.80143
    _k_eq_p3 |    1.28687   .3675755     3.50   0.000     .5663893    2.007351
    _k_eq_p4 |   1.314904    .446703     2.94   0.003     .4393266    2.190482
    _k_eq_p5 |   1.529055    .526074     2.91   0.004     .4979033    2.560207
    _k_eq_p6 |   1.439075    .605719     2.38   0.018      .251812    2.626338
    _k_eq_p7 |     1.5314   .6856237     2.23   0.026     .1875168    2.875284
    _k_eq_p8 |   1.541825   .7656537     2.01   0.044     .0410753    3.042575
    _k_eq_p9 |   1.662547   .8457728     1.97   0.049     .0047564    3.320337
   _k_eq_p10 |   1.800473   .9261665     1.94   0.052    -.0148957    3.615842
   _k_eq_p11 |   1.732054   1.006573     1.72   0.085    -.2409184    3.705026
   _k_eq_p12 |   1.980066   1.087302     1.82   0.069    -.1511421    4.111275
   _k_eq_p13 |   1.683107   1.169177     1.44   0.150     -.608584    3.974797
   _k_eq_p14 |   2.070035   1.251538     1.65   0.098    -.3830918    4.523162
   _k_eq_p15 |   1.798391   1.337872     1.34   0.179    -.8239581    4.420739
   _k_eq_p16 |   1.767623   1.433768     1.23   0.218    -1.042689    4.577936
   _k_eq_p17 |   1.519825   .6090312     2.50   0.013     .3260697    2.713581
         eta |   .2519384   .0047391    53.16   0.000     .2426494    .2612275
             |
           t |
          2  |   .1434719   .0450851     3.18   0.001     .0551011    .2318427
          3  |   .3312757   .0451509     7.34   0.000     .2427759    .4197754
          4  |   .5528668   .0452825    12.21   0.000      .464109    .6416247
          5  |   .7741836   .0454452    17.04   0.000     .6851069    .8632602
          6  |   .9513304   .0455863    20.87   0.000     .8619772    1.040684
          7  |   1.116552   .0457312    24.42   0.000     1.026915    1.206189
          8  |   1.394627   .0458923    30.39   0.000     1.304674     1.48458
          9  |   1.574857   .0460787    34.18   0.000     1.484539    1.665176
         10  |   1.803088   .0462321    39.00   0.000     1.712469    1.893707
         11  |   1.950842    .046446    42.00   0.000     1.859804    2.041881
         12  |   2.123341   .0466535    45.51   0.000     2.031896    2.214786
         13  |   2.361859    .046878    50.38   0.000     2.269974    2.453744
         14  |   2.511809   .0470803    53.35   0.000     2.419527    2.604091
         15  |   2.747289   .0472441    58.15   0.000     2.654686    2.839891
         16  |   2.968836   .0475149    62.48   0.000     2.875702     3.06197
         17  |   3.174446   .0477045    66.54   0.000     3.080941    3.267952
         18  |   3.336821   .0479173    69.64   0.000     3.242898    3.430743
         19  |   3.544168   .0481713    73.57   0.000     3.449748    3.638588
         20  |   3.743031   .0486024    77.01   0.000     3.647766    3.838296
             |
     _ttrend |  -.0626728   .0801585    -0.78   0.434    -.2197905     .094445
       _cons |  -.2568171   .2236602    -1.15   0.251    -.6952111     .181577
------------------------------------------------------------------------------
F test of absorbed indicators: F(999, 18944) = 21.600         Prob > F = 0.000

. *expect an error 
. cap noi xtevent y eta, panelvar(i) timevar(t) pol(z) impute(stag) window(max) trend(-2, method(ols)) savek(aa)

No proxy or instruments provided. Implementing OLS estimator

You specified to save the event-time dummy variables using the prefix aa, but you already have event-time dummy 
> variables saved with that prefix.

Use the replace suboption to replace the existing variables.

. *add replace suboption 
. cap noi xtevent y eta, panelvar(i) timevar(t) pol(z) impute(stag) window(max) trend(-2, method(ols)) savek(aa,
>  replace)

No proxy or instruments provided. Implementing OLS estimator
The calculated window by window(max) is (-18,16), plus the endpoints -19 and 17.

Linear regression, absorbing indicators             Number of obs     = 20,000
Absorbed variable: i                                No. of categories =  1,000
                                                    F(56, 18944)      = 702.23
                                                    Prob > F          = 0.0000
                                                    R-squared         = 0.8023
                                                    Adj R-squared     = 0.7913
                                                    Root MSE          = 1.0022

------------------------------------------------------------------------------
           y | Coefficient  Std. err.      t    P>|t|     [95% conf. interval]
-------------+----------------------------------------------------------------
   _k_eq_m19 |   .7050653   .2848644     2.48   0.013     .1467057    1.263425
   _k_eq_m18 |  -1.242964   1.337007    -0.93   0.353    -3.863617    1.377689
   _k_eq_m17 |  -.8764318   1.251679    -0.70   0.484    -3.329835    1.576971
   _k_eq_m16 |  -.9020345      1.169    -0.77   0.440    -3.193379     1.38931
   _k_eq_m15 |  -.8721249   1.088083    -0.80   0.423    -3.004865    1.260616
   _k_eq_m14 |  -.9176298    1.00723    -0.91   0.362    -2.891891    1.056631
   _k_eq_m13 |  -.9332172   .9266799    -1.01   0.314    -2.749592    .8831581
   _k_eq_m12 |  -.5045449   .8461523    -0.60   0.551    -2.163079    1.153989
   _k_eq_m11 |  -.5566931   .7659914    -0.73   0.467    -2.058105    .9447185
   _k_eq_m10 |  -.4447714   .6859334    -0.65   0.517    -1.789262    .8997192
    _k_eq_m9 |  -.6137741   .6059818    -1.01   0.311    -1.801552    .5740042
    _k_eq_m8 |  -.4396041   .5263179    -0.84   0.404    -1.471234    .5920259
    _k_eq_m7 |  -.2934757   .4467008    -0.66   0.511    -1.169049    .5820978
    _k_eq_m6 |  -.2010512   .3676311    -0.55   0.584    -.9216409    .5195386
    _k_eq_m5 |  -.1372732   .2891153    -0.47   0.635    -.7039649    .4294186
    _k_eq_m4 |  -.0654816   .2120707    -0.31   0.757    -.4811591     .350196
    _k_eq_m3 |    .018434   .1387384     0.13   0.894    -.2535055    .2903736
    _k_eq_p0 |   1.092751   .1386497     7.88   0.000     .8209851    1.364517
    _k_eq_p1 |   1.080706   .2121832     5.09   0.000      .664808    1.496604
    _k_eq_p2 |   1.234743   .2891132     4.27   0.000      .668055     1.80143
    _k_eq_p3 |    1.28687   .3675755     3.50   0.000     .5663893    2.007351
    _k_eq_p4 |   1.314904    .446703     2.94   0.003     .4393266    2.190482
    _k_eq_p5 |   1.529055    .526074     2.91   0.004     .4979033    2.560207
    _k_eq_p6 |   1.439075    .605719     2.38   0.018      .251812    2.626338
    _k_eq_p7 |     1.5314   .6856237     2.23   0.026     .1875168    2.875284
    _k_eq_p8 |   1.541825   .7656537     2.01   0.044     .0410753    3.042575
    _k_eq_p9 |   1.662547   .8457728     1.97   0.049     .0047564    3.320337
   _k_eq_p10 |   1.800473   .9261665     1.94   0.052    -.0148957    3.615842
   _k_eq_p11 |   1.732054   1.006573     1.72   0.085    -.2409184    3.705026
   _k_eq_p12 |   1.980066   1.087302     1.82   0.069    -.1511421    4.111275
   _k_eq_p13 |   1.683107   1.169177     1.44   0.150     -.608584    3.974797
   _k_eq_p14 |   2.070035   1.251538     1.65   0.098    -.3830918    4.523162
   _k_eq_p15 |   1.798391   1.337872     1.34   0.179    -.8239581    4.420739
   _k_eq_p16 |   1.767623   1.433768     1.23   0.218    -1.042689    4.577936
   _k_eq_p17 |   1.519825   .6090312     2.50   0.013     .3260697    2.713581
         eta |   .2519384   .0047391    53.16   0.000     .2426494    .2612275
             |
           t |
          2  |   .1434719   .0450851     3.18   0.001     .0551011    .2318427
          3  |   .3312757   .0451509     7.34   0.000     .2427759    .4197754
          4  |   .5528668   .0452825    12.21   0.000      .464109    .6416247
          5  |   .7741836   .0454452    17.04   0.000     .6851069    .8632602
          6  |   .9513304   .0455863    20.87   0.000     .8619772    1.040684
          7  |   1.116552   .0457312    24.42   0.000     1.026915    1.206189
          8  |   1.394627   .0458923    30.39   0.000     1.304674     1.48458
          9  |   1.574857   .0460787    34.18   0.000     1.484539    1.665176
         10  |   1.803088   .0462321    39.00   0.000     1.712469    1.893707
         11  |   1.950842    .046446    42.00   0.000     1.859804    2.041881
         12  |   2.123341   .0466535    45.51   0.000     2.031896    2.214786
         13  |   2.361859    .046878    50.38   0.000     2.269974    2.453744
         14  |   2.511809   .0470803    53.35   0.000     2.419527    2.604091
         15  |   2.747289   .0472441    58.15   0.000     2.654686    2.839891
         16  |   2.968836   .0475149    62.48   0.000     2.875702     3.06197
         17  |   3.174446   .0477045    66.54   0.000     3.080941    3.267952
         18  |   3.336821   .0479173    69.64   0.000     3.242898    3.430743
         19  |   3.544168   .0481713    73.57   0.000     3.449748    3.638588
         20  |   3.743031   .0486024    77.01   0.000     3.647766    3.838296
             |
     _ttrend |  -.0626728   .0801585    -0.78   0.434    -.2197905     .094445
       _cons |  -.2568171   .2236602    -1.15   0.251    -.6952111     .181577
------------------------------------------------------------------------------
F test of absorbed indicators: F(999, 18944) = 21.600         Prob > F = 0.000

. 
. 
. ***** interaction variables in SA' framework  
. use example31, clear 

. xtevent y eta, panelvar(i) timevar(t) pol(z) impute(stag) window(6) cohort(create) savek(aa, saveint)

No proxy or instruments provided. Implementing OLS estimator

You have specified the cohort or the sunabraham option
Event-time coefficients will be estimated with the Interaction Weighted Estimator of Sun and Abraham (2021)

Control cohort not specified. Using values with cohort variable == . as the control cohort

Linear regression, absorbing indicators            Number of obs     =  20,000
Absorbed variable: i                               No. of categories =   1,000
                                                   F(34, 18966)      = 1154.86
                                                   Prob > F          =  0.0000
                                                   R-squared         =  0.8019
                                                   Adj R-squared     =  0.7911
                                                   Root MSE          =  1.0025
------------------------------------------------------------------------------
           y | Coefficient  Std. err.      t    P>|t|     [95% conf. interval]
-------------+----------------------------------------------------------------
    _k_eq_m7 |   .0306874    .081626     0.38   0.707    -.1293068    .1906816
    _k_eq_m6 |   .1224148   .0904256     1.35   0.176    -.0548273     .299657
    _k_eq_m5 |   .1177097   .0864313     1.36   0.173    -.0517033    .2871227
    _k_eq_m4 |   .1157985   .0849007     1.36   0.173    -.0506145    .2822115
    _k_eq_m3 |    .144882   .0830878     1.74   0.081    -.0179775    .3077415
    _k_eq_m2 |    .063827   .0827348     0.77   0.440    -.0983406    .2259946
    _k_eq_p0 |   1.028388   .0832112    12.36   0.000     .8652867    1.191489
    _k_eq_p1 |   .9643593   .0852198    11.32   0.000     .7973209    1.131398
    _k_eq_p2 |   1.083663   .0861729    12.58   0.000     .9147566     1.25257
    _k_eq_p3 |   1.047205   .0897152    11.67   0.000     .8713547    1.223054
    _k_eq_p4 |   .9865382   .0923143    10.69   0.000      .805594    1.167482
    _k_eq_p5 |   1.139881   .0940542    12.12   0.000     .9555262    1.324236
    _k_eq_p6 |   .9713398   .0988838     9.82   0.000     .7775188    1.165161
    _k_eq_p7 |   1.006236   .0897292    11.21   0.000     .8303585    1.182113
         eta |   .2520283   .0047147    53.46   0.000     .2427869    .2612696
             |
           t |
          2  |   .1306382   .0448515     2.91   0.004     .0427252    .2185511
          3  |   .3227489   .0448768     7.19   0.000     .2347863    .4107115
          4  |   .5407409   .0449351    12.03   0.000      .452664    .6288177
          5  |   .7635769   .0450111    16.96   0.000     .6753512    .8518026
          6  |   .9419278   .0451044    20.88   0.000     .8535192    1.030336
          7  |   1.107562   .0452177    24.49   0.000     1.018932    1.196193
          8  |   1.388674    .045348    30.62   0.000     1.299788     1.47756
          9  |   1.565904   .0454922    34.42   0.000     1.476735    1.655073
         10  |   1.795429   .0456306    39.35   0.000     1.705989    1.884869
         11  |   1.940531   .0458485    42.32   0.000     1.850664    2.030399
         12  |    2.11459   .0460643    45.91   0.000       2.0243     2.20488
         13  |   2.354116   .0462931    50.85   0.000     2.263377    2.444854
         14  |   2.503258   .0465331    53.80   0.000     2.412049    2.594467
         15  |    2.73958   .0466813    58.69   0.000      2.64808    2.831079
         16  |   2.961104   .0469188    63.11   0.000     2.869138    3.053069
         17  |   3.166568   .0470776    67.26   0.000     3.074292    3.258844
         18  |   3.329397   .0472417    70.48   0.000     3.236799    3.421995
         19  |   3.532115   .0473916    74.53   0.000     3.439223    3.625007
         20  |   3.732614   .0476198    78.38   0.000     3.639275    3.825952
             |
       _cons |   .2386605    .073597     3.24   0.001     .0944037    .3829172
------------------------------------------------------------------------------

. *expect an error 
. cap noi xtevent y eta, panelvar(i) timevar(t) pol(z) impute(stag) window(6) cohort(create) savek(aa, saveint)

No proxy or instruments provided. Implementing OLS estimator

You specified to save the event-time dummy variables using the prefix aa, but you already have event-time dummy 
> variables saved with that prefix.

Use the replace suboption to replace the existing variables.

. *add replace suboption 
. cap noi xtevent y eta, panelvar(i) timevar(t) pol(z) impute(stag) window(6) cohort(create) savek(aa, saveint r
> eplace)

No proxy or instruments provided. Implementing OLS estimator

You have specified the cohort or the sunabraham option
Event-time coefficients will be estimated with the Interaction Weighted Estimator of Sun and Abraham (2021)

Control cohort not specified. Using values with cohort variable == . as the control cohort

Linear regression, absorbing indicators            Number of obs     =  20,000
Absorbed variable: i                               No. of categories =   1,000
                                                   F(34, 18966)      = 1154.86
                                                   Prob > F          =  0.0000
                                                   R-squared         =  0.8019
                                                   Adj R-squared     =  0.7911
                                                   Root MSE          =  1.0025
------------------------------------------------------------------------------
           y | Coefficient  Std. err.      t    P>|t|     [95% conf. interval]
-------------+----------------------------------------------------------------
    _k_eq_m7 |   .0306874    .081626     0.38   0.707    -.1293068    .1906816
    _k_eq_m6 |   .1224148   .0904256     1.35   0.176    -.0548273     .299657
    _k_eq_m5 |   .1177097   .0864313     1.36   0.173    -.0517033    .2871227
    _k_eq_m4 |   .1157985   .0849007     1.36   0.173    -.0506145    .2822115
    _k_eq_m3 |    .144882   .0830878     1.74   0.081    -.0179775    .3077415
    _k_eq_m2 |    .063827   .0827348     0.77   0.440    -.0983406    .2259946
    _k_eq_p0 |   1.028388   .0832112    12.36   0.000     .8652867    1.191489
    _k_eq_p1 |   .9643593   .0852198    11.32   0.000     .7973209    1.131398
    _k_eq_p2 |   1.083663   .0861729    12.58   0.000     .9147566     1.25257
    _k_eq_p3 |   1.047205   .0897152    11.67   0.000     .8713547    1.223054
    _k_eq_p4 |   .9865382   .0923143    10.69   0.000      .805594    1.167482
    _k_eq_p5 |   1.139881   .0940542    12.12   0.000     .9555262    1.324236
    _k_eq_p6 |   .9713398   .0988838     9.82   0.000     .7775188    1.165161
    _k_eq_p7 |   1.006236   .0897292    11.21   0.000     .8303585    1.182113
         eta |   .2520283   .0047147    53.46   0.000     .2427869    .2612696
             |
           t |
          2  |   .1306382   .0448515     2.91   0.004     .0427252    .2185511
          3  |   .3227489   .0448768     7.19   0.000     .2347863    .4107115
          4  |   .5407409   .0449351    12.03   0.000      .452664    .6288177
          5  |   .7635769   .0450111    16.96   0.000     .6753512    .8518026
          6  |   .9419278   .0451044    20.88   0.000     .8535192    1.030336
          7  |   1.107562   .0452177    24.49   0.000     1.018932    1.196193
          8  |   1.388674    .045348    30.62   0.000     1.299788     1.47756
          9  |   1.565904   .0454922    34.42   0.000     1.476735    1.655073
         10  |   1.795429   .0456306    39.35   0.000     1.705989    1.884869
         11  |   1.940531   .0458485    42.32   0.000     1.850664    2.030399
         12  |    2.11459   .0460643    45.91   0.000       2.0243     2.20488
         13  |   2.354116   .0462931    50.85   0.000     2.263377    2.444854
         14  |   2.503258   .0465331    53.80   0.000     2.412049    2.594467
         15  |    2.73958   .0466813    58.69   0.000      2.64808    2.831079
         16  |   2.961104   .0469188    63.11   0.000     2.869138    3.053069
         17  |   3.166568   .0470776    67.26   0.000     3.074292    3.258844
         18  |   3.329397   .0472417    70.48   0.000     3.236799    3.421995
         19  |   3.532115   .0473916    74.53   0.000     3.439223    3.625007
         20  |   3.732614   .0476198    78.38   0.000     3.639275    3.825952
             |
       _cons |   .2386605    .073597     3.24   0.001     .0944037    .3829172
------------------------------------------------------------------------------

. 
. log close 
      name:  <unnamed>
       log:  C:\Users\B18945\Downloads\xtevent-177-allow-replacing-when-saving-event-time-dummies\issue177\issue
> 177.txt
  log type:  text
 closed on:  13 May 2024, 16:52:50
----------------------------------------------------------------------------------------------------------------
